// Vitest Snapshot v1, https://vitest.dev/guide/snapshot.html

exports[`AboutContainer > should match snapshot 1`] = `
<div
  class="MuiContainer-root MuiContainer-maxWidthLg about css-5c1adp-MuiContainer-root"
>
  <div
    class="about__header MuiBox-root css-0"
  >
    <div
      class="MuiAvatar-root MuiAvatar-circular MuiAvatar-colorDefault about__avatar css-1qcqc3p-MuiAvatar-root"
    >
      A
    </div>
    <h1
      class="MuiTypography-root MuiTypography-h2 MuiTypography-gutterBottom custom-title css-jp450z-MuiTypography-root"
    >
      About Me
    </h1>
    <h5
      class="MuiTypography-root MuiTypography-h5 about__subtitle css-rgpxvr-MuiTypography-root"
    >
      I'm a passionate developer who loves creating beautiful, functional web applications that solve real-world problems and provide exceptional user experiences.
    </h5>
  </div>
  <div
    class="MuiGrid-root MuiGrid-container MuiGrid-direction-xs-row MuiGrid-spacing-xs-4 css-kqg16c-MuiGrid-root"
  >
    <div
      class="MuiGrid-root MuiGrid-direction-xs-row css-17fpwt7-MuiGrid-root"
    >
      <div
        class="MuiPaper-root MuiPaper-elevation MuiPaper-rounded MuiPaper-elevation1 MuiCard-root about__bio-card css-r6ekfc-MuiPaper-root-MuiCard-root"
        style="--Paper-shadow: 0px 2px 1px -1px rgba(0,0,0,0.2),0px 1px 1px 0px rgba(0,0,0,0.14),0px 1px 3px 0px rgba(0,0,0,0.12);"
      >
        <div
          class="MuiCardContent-root about__bio-card-content css-1lt5qva-MuiCardContent-root"
        >
          <h4
            class="MuiTypography-root MuiTypography-h4 MuiTypography-gutterBottom css-18p8awu-MuiTypography-root"
          >
            My Story
          </h4>
          <p
            class="MuiTypography-root MuiTypography-body1 MuiTypography-paragraph css-dgou5o-MuiTypography-root"
          >
            With over 4 years of experience in web development, I've had the privilege of working on diverse projects ranging from small business websites to large-scale enterprise applications.
          </p>
          <p
            class="MuiTypography-root MuiTypography-body1 MuiTypography-paragraph css-dgou5o-MuiTypography-root"
          >
            I believe in writing clean, maintainable code and staying up-to-date with the latest technologies and best practices. My approach combines technical expertise with creative problem-solving to deliver solutions that not only work well but also provide great user experiences.
          </p>
          <p
            class="MuiTypography-root MuiTypography-body1 css-1iw893a-MuiTypography-root"
          >
            When I'm not coding, you can find me exploring new technologies, contributing to open-source projects, or enjoying outdoor activities.
          </p>
        </div>
      </div>
    </div>
    <div
      class="MuiGrid-root MuiGrid-direction-xs-row css-17fpwt7-MuiGrid-root"
    >
      <div
        class="MuiPaper-root MuiPaper-elevation MuiPaper-rounded MuiPaper-elevation1 MuiCard-root about__skills-card css-r6ekfc-MuiPaper-root-MuiCard-root"
        style="--Paper-shadow: 0px 2px 1px -1px rgba(0,0,0,0.2),0px 1px 1px 0px rgba(0,0,0,0.14),0px 1px 3px 0px rgba(0,0,0,0.12);"
      >
        <div
          class="MuiCardContent-root about__skills-card-content css-1lt5qva-MuiCardContent-root"
        >
          <h4
            class="MuiTypography-root MuiTypography-h4 MuiTypography-gutterBottom css-18p8awu-MuiTypography-root"
          >
            Technical Skills
          </h4>
          <div
            class="about__skills-card-list MuiBox-root css-0"
          >
            <div
              class="about__skill-item MuiBox-root css-0"
            >
              <div
                class="about__skill-item-header MuiBox-root css-0"
              >
                <p
                  class="MuiTypography-root MuiTypography-body1 css-1pwc0nj-MuiTypography-root"
                >
                  React
                </p>
                <p
                  class="MuiTypography-root MuiTypography-body2 css-15gs4p4-MuiTypography-root"
                >
                  90
                  %
                </p>
              </div>
              <span
                aria-valuemax="100"
                aria-valuemin="0"
                aria-valuenow="90"
                class="MuiLinearProgress-root MuiLinearProgress-colorPrimary MuiLinearProgress-determinate about__skill-item-progress css-1q12wv5-MuiLinearProgress-root"
                role="progressbar"
              >
                <span
                  class="MuiLinearProgress-bar MuiLinearProgress-bar1 MuiLinearProgress-barColorPrimary MuiLinearProgress-bar1Determinate css-26uux8-MuiLinearProgress-bar1"
                  style="transform: translateX(-10%);"
                />
              </span>
            </div>
            <div
              class="about__skill-item MuiBox-root css-0"
            >
              <div
                class="about__skill-item-header MuiBox-root css-0"
              >
                <p
                  class="MuiTypography-root MuiTypography-body1 css-1pwc0nj-MuiTypography-root"
                >
                  JavaScript
                </p>
                <p
                  class="MuiTypography-root MuiTypography-body2 css-15gs4p4-MuiTypography-root"
                >
                  95
                  %
                </p>
              </div>
              <span
                aria-valuemax="100"
                aria-valuemin="0"
                aria-valuenow="95"
                class="MuiLinearProgress-root MuiLinearProgress-colorPrimary MuiLinearProgress-determinate about__skill-item-progress css-1q12wv5-MuiLinearProgress-root"
                role="progressbar"
              >
                <span
                  class="MuiLinearProgress-bar MuiLinearProgress-bar1 MuiLinearProgress-barColorPrimary MuiLinearProgress-bar1Determinate css-26uux8-MuiLinearProgress-bar1"
                  style="transform: translateX(-5%);"
                />
              </span>
            </div>
            <div
              class="about__skill-item MuiBox-root css-0"
            >
              <div
                class="about__skill-item-header MuiBox-root css-0"
              >
                <p
                  class="MuiTypography-root MuiTypography-body1 css-1pwc0nj-MuiTypography-root"
                >
                  Node.js
                </p>
                <p
                  class="MuiTypography-root MuiTypography-body2 css-15gs4p4-MuiTypography-root"
                >
                  85
                  %
                </p>
              </div>
              <span
                aria-valuemax="100"
                aria-valuemin="0"
                aria-valuenow="85"
                class="MuiLinearProgress-root MuiLinearProgress-colorPrimary MuiLinearProgress-determinate about__skill-item-progress css-1q12wv5-MuiLinearProgress-root"
                role="progressbar"
              >
                <span
                  class="MuiLinearProgress-bar MuiLinearProgress-bar1 MuiLinearProgress-barColorPrimary MuiLinearProgress-bar1Determinate css-26uux8-MuiLinearProgress-bar1"
                  style="transform: translateX(-15%);"
                />
              </span>
            </div>
            <div
              class="about__skill-item MuiBox-root css-0"
            >
              <div
                class="about__skill-item-header MuiBox-root css-0"
              >
                <p
                  class="MuiTypography-root MuiTypography-body1 css-1pwc0nj-MuiTypography-root"
                >
                  Material-UI
                </p>
                <p
                  class="MuiTypography-root MuiTypography-body2 css-15gs4p4-MuiTypography-root"
                >
                  88
                  %
                </p>
              </div>
              <span
                aria-valuemax="100"
                aria-valuemin="0"
                aria-valuenow="88"
                class="MuiLinearProgress-root MuiLinearProgress-colorPrimary MuiLinearProgress-determinate about__skill-item-progress css-1q12wv5-MuiLinearProgress-root"
                role="progressbar"
              >
                <span
                  class="MuiLinearProgress-bar MuiLinearProgress-bar1 MuiLinearProgress-barColorPrimary MuiLinearProgress-bar1Determinate css-26uux8-MuiLinearProgress-bar1"
                  style="transform: translateX(-12%);"
                />
              </span>
            </div>
            <div
              class="about__skill-item MuiBox-root css-0"
            >
              <div
                class="about__skill-item-header MuiBox-root css-0"
              >
                <p
                  class="MuiTypography-root MuiTypography-body1 css-1pwc0nj-MuiTypography-root"
                >
                  SCSS/CSS
                </p>
                <p
                  class="MuiTypography-root MuiTypography-body2 css-15gs4p4-MuiTypography-root"
                >
                  92
                  %
                </p>
              </div>
              <span
                aria-valuemax="100"
                aria-valuemin="0"
                aria-valuenow="92"
                class="MuiLinearProgress-root MuiLinearProgress-colorPrimary MuiLinearProgress-determinate about__skill-item-progress css-1q12wv5-MuiLinearProgress-root"
                role="progressbar"
              >
                <span
                  class="MuiLinearProgress-bar MuiLinearProgress-bar1 MuiLinearProgress-barColorPrimary MuiLinearProgress-bar1Determinate css-26uux8-MuiLinearProgress-bar1"
                  style="transform: translateX(-8%);"
                />
              </span>
            </div>
            <div
              class="about__skill-item MuiBox-root css-0"
            >
              <div
                class="about__skill-item-header MuiBox-root css-0"
              >
                <p
                  class="MuiTypography-root MuiTypography-body1 css-1pwc0nj-MuiTypography-root"
                >
                  Git
                </p>
                <p
                  class="MuiTypography-root MuiTypography-body2 css-15gs4p4-MuiTypography-root"
                >
                  90
                  %
                </p>
              </div>
              <span
                aria-valuemax="100"
                aria-valuemin="0"
                aria-valuenow="90"
                class="MuiLinearProgress-root MuiLinearProgress-colorPrimary MuiLinearProgress-determinate about__skill-item-progress css-1q12wv5-MuiLinearProgress-root"
                role="progressbar"
              >
                <span
                  class="MuiLinearProgress-bar MuiLinearProgress-bar1 MuiLinearProgress-barColorPrimary MuiLinearProgress-bar1Determinate css-26uux8-MuiLinearProgress-bar1"
                  style="transform: translateX(-10%);"
                />
              </span>
            </div>
          </div>
        </div>
      </div>
    </div>
  </div>
  <div
    class="about__experience MuiBox-root css-0"
  >
    <h2
      class="MuiTypography-root MuiTypography-h3 MuiTypography-gutterBottom about__experience-title css-hedpeh-MuiTypography-root"
    >
      Experience & Education
    </h2>
    <div
      class="MuiGrid-root MuiGrid-container MuiGrid-direction-xs-row MuiGrid-spacing-xs-3 css-1u8xl8z-MuiGrid-root"
    >
      <div
        class="MuiGrid-root MuiGrid-direction-xs-row css-17fpwt7-MuiGrid-root"
      >
        <div
          class="MuiPaper-root MuiPaper-elevation MuiPaper-rounded MuiPaper-elevation1 MuiCard-root about__experience-card css-r6ekfc-MuiPaper-root-MuiCard-root"
          style="--Paper-shadow: 0px 2px 1px -1px rgba(0,0,0,0.2),0px 1px 1px 0px rgba(0,0,0,0.14),0px 1px 3px 0px rgba(0,0,0,0.12);"
        >
          <div
            class="MuiCardContent-root about__experience-card-content css-1lt5qva-MuiCardContent-root"
          >
            <div
              class="about__experience-card-icon MuiBox-root css-0"
            >
              <svg
                aria-hidden="true"
                class="MuiSvgIcon-root MuiSvgIcon-fontSizeMedium about__experience-card-icon about__experience-card-icon--work css-1umw9bq-MuiSvgIcon-root"
                data-testid="WorkIcon"
                focusable="false"
                viewBox="0 0 24 24"
              >
                <path
                  d="M20 6h-4V4c0-1.11-.89-2-2-2h-4c-1.11 0-2 .89-2 2v2H4c-1.11 0-1.99.89-1.99 2L2 19c0 1.11.89 2 2 2h16c1.11 0 2-.89 2-2V8c0-1.11-.89-2-2-2m-6 0h-4V4h4z"
                />
              </svg>
            </div>
            <h6
              class="MuiTypography-root MuiTypography-h6 MuiTypography-gutterBottom css-f6ezis-MuiTypography-root"
            >
              Senior Frontend Developer
            </h6>
            <h6
              class="MuiTypography-root MuiTypography-subtitle1 MuiTypography-gutterBottom css-g470jz-MuiTypography-root"
            >
              Tech Company
            </h6>
            <p
              class="MuiTypography-root MuiTypography-body2 MuiTypography-gutterBottom css-3w4f7o-MuiTypography-root"
            >
              2022 - Present
            </p>
            <p
              class="MuiTypography-root MuiTypography-body2 about__experience-card-description css-1avfp98-MuiTypography-root"
            >
              Leading frontend development projects using React, TypeScript, and modern web technologies.
            </p>
          </div>
        </div>
      </div>
      <div
        class="MuiGrid-root MuiGrid-direction-xs-row css-17fpwt7-MuiGrid-root"
      >
        <div
          class="MuiPaper-root MuiPaper-elevation MuiPaper-rounded MuiPaper-elevation1 MuiCard-root about__experience-card css-r6ekfc-MuiPaper-root-MuiCard-root"
          style="--Paper-shadow: 0px 2px 1px -1px rgba(0,0,0,0.2),0px 1px 1px 0px rgba(0,0,0,0.14),0px 1px 3px 0px rgba(0,0,0,0.12);"
        >
          <div
            class="MuiCardContent-root about__experience-card-content css-1lt5qva-MuiCardContent-root"
          >
            <div
              class="about__experience-card-icon MuiBox-root css-0"
            >
              <svg
                aria-hidden="true"
                class="MuiSvgIcon-root MuiSvgIcon-fontSizeMedium about__experience-card-icon about__experience-card-icon--work css-1umw9bq-MuiSvgIcon-root"
                data-testid="WorkIcon"
                focusable="false"
                viewBox="0 0 24 24"
              >
                <path
                  d="M20 6h-4V4c0-1.11-.89-2-2-2h-4c-1.11 0-2 .89-2 2v2H4c-1.11 0-1.99.89-1.99 2L2 19c0 1.11.89 2 2 2h16c1.11 0 2-.89 2-2V8c0-1.11-.89-2-2-2m-6 0h-4V4h4z"
                />
              </svg>
            </div>
            <h6
              class="MuiTypography-root MuiTypography-h6 MuiTypography-gutterBottom css-f6ezis-MuiTypography-root"
            >
              Full Stack Developer
            </h6>
            <h6
              class="MuiTypography-root MuiTypography-subtitle1 MuiTypography-gutterBottom css-g470jz-MuiTypography-root"
            >
              Digital Agency
            </h6>
            <p
              class="MuiTypography-root MuiTypography-body2 MuiTypography-gutterBottom css-3w4f7o-MuiTypography-root"
            >
              2020 - 2022
            </p>
            <p
              class="MuiTypography-root MuiTypography-body2 about__experience-card-description css-1avfp98-MuiTypography-root"
            >
              Developed full-stack web applications using React, Node.js, and various databases.
            </p>
          </div>
        </div>
      </div>
      <div
        class="MuiGrid-root MuiGrid-direction-xs-row css-17fpwt7-MuiGrid-root"
      >
        <div
          class="MuiPaper-root MuiPaper-elevation MuiPaper-rounded MuiPaper-elevation1 MuiCard-root about__experience-card css-r6ekfc-MuiPaper-root-MuiCard-root"
          style="--Paper-shadow: 0px 2px 1px -1px rgba(0,0,0,0.2),0px 1px 1px 0px rgba(0,0,0,0.14),0px 1px 3px 0px rgba(0,0,0,0.12);"
        >
          <div
            class="MuiCardContent-root about__experience-card-content css-1lt5qva-MuiCardContent-root"
          >
            <div
              class="about__experience-card-icon MuiBox-root css-0"
            >
              <svg
                aria-hidden="true"
                class="MuiSvgIcon-root MuiSvgIcon-fontSizeMedium about__experience-card-icon about__experience-card-icon--school css-1umw9bq-MuiSvgIcon-root"
                data-testid="SchoolIcon"
                focusable="false"
                viewBox="0 0 24 24"
              >
                <path
                  d="M5 13.18v4L12 21l7-3.82v-4L12 17zM12 3 1 9l11 6 9-4.91V17h2V9z"
                />
              </svg>
            </div>
            <h6
              class="MuiTypography-root MuiTypography-h6 MuiTypography-gutterBottom css-f6ezis-MuiTypography-root"
            >
              Computer Science Degree
            </h6>
            <h6
              class="MuiTypography-root MuiTypography-subtitle1 MuiTypography-gutterBottom css-g470jz-MuiTypography-root"
            >
              University
            </h6>
            <p
              class="MuiTypography-root MuiTypography-body2 MuiTypography-gutterBottom css-3w4f7o-MuiTypography-root"
            >
              2016 - 2020
            </p>
            <p
              class="MuiTypography-root MuiTypography-body2 about__experience-card-description css-1avfp98-MuiTypography-root"
            >
              Bachelor of Science in Computer Science with focus on software engineering and web development.
            </p>
          </div>
        </div>
      </div>
    </div>
  </div>
  <div
    class="about__interests MuiBox-root css-0"
  >
    <h2
      class="MuiTypography-root MuiTypography-h3 MuiTypography-gutterBottom about__interests-title css-1a4m65s-MuiTypography-root"
    >
      Interests & Hobbies
    </h2>
    <div
      class="MuiPaper-root MuiPaper-elevation MuiPaper-rounded MuiPaper-elevation1 MuiCard-root about__interests-card css-r6ekfc-MuiPaper-root-MuiCard-root"
      style="--Paper-shadow: 0px 2px 1px -1px rgba(0,0,0,0.2),0px 1px 1px 0px rgba(0,0,0,0.14),0px 1px 3px 0px rgba(0,0,0,0.12);"
    >
      <div
        class="MuiCardContent-root about__interests-card-content css-1lt5qva-MuiCardContent-root"
      >
        <div
          class="MuiStack-root about__interests-card-chips css-miphnx-MuiStack-root"
        >
          <div
            class="MuiChip-root MuiChip-outlined MuiChip-sizeMedium MuiChip-colorSecondary MuiChip-outlinedSecondary about__interests-card-chip css-1gh8s9a-MuiChip-root"
          >
            <span
              class="MuiChip-label MuiChip-labelMedium css-16cgrcw-MuiChip-label"
            >
              Web Development
            </span>
          </div>
          <div
            class="MuiChip-root MuiChip-outlined MuiChip-sizeMedium MuiChip-colorSecondary MuiChip-outlinedSecondary about__interests-card-chip css-1gh8s9a-MuiChip-root"
          >
            <span
              class="MuiChip-label MuiChip-labelMedium css-16cgrcw-MuiChip-label"
            >
              UI/UX Design
            </span>
          </div>
          <div
            class="MuiChip-root MuiChip-outlined MuiChip-sizeMedium MuiChip-colorSecondary MuiChip-outlinedSecondary about__interests-card-chip css-1gh8s9a-MuiChip-root"
          >
            <span
              class="MuiChip-label MuiChip-labelMedium css-16cgrcw-MuiChip-label"
            >
              Open Source
            </span>
          </div>
          <div
            class="MuiChip-root MuiChip-outlined MuiChip-sizeMedium MuiChip-colorSecondary MuiChip-outlinedSecondary about__interests-card-chip css-1gh8s9a-MuiChip-root"
          >
            <span
              class="MuiChip-label MuiChip-labelMedium css-16cgrcw-MuiChip-label"
            >
              Machine Learning
            </span>
          </div>
          <div
            class="MuiChip-root MuiChip-outlined MuiChip-sizeMedium MuiChip-colorSecondary MuiChip-outlinedSecondary about__interests-card-chip css-1gh8s9a-MuiChip-root"
          >
            <span
              class="MuiChip-label MuiChip-labelMedium css-16cgrcw-MuiChip-label"
            >
              Photography
            </span>
          </div>
          <div
            class="MuiChip-root MuiChip-outlined MuiChip-sizeMedium MuiChip-colorSecondary MuiChip-outlinedSecondary about__interests-card-chip css-1gh8s9a-MuiChip-root"
          >
            <span
              class="MuiChip-label MuiChip-labelMedium css-16cgrcw-MuiChip-label"
            >
              Travel
            </span>
          </div>
          <div
            class="MuiChip-root MuiChip-outlined MuiChip-sizeMedium MuiChip-colorSecondary MuiChip-outlinedSecondary about__interests-card-chip css-1gh8s9a-MuiChip-root"
          >
            <span
              class="MuiChip-label MuiChip-labelMedium css-16cgrcw-MuiChip-label"
            >
              Music
            </span>
          </div>
          <div
            class="MuiChip-root MuiChip-outlined MuiChip-sizeMedium MuiChip-colorSecondary MuiChip-outlinedSecondary about__interests-card-chip css-1gh8s9a-MuiChip-root"
          >
            <span
              class="MuiChip-label MuiChip-labelMedium css-16cgrcw-MuiChip-label"
            >
              Gaming
            </span>
          </div>
        </div>
      </div>
    </div>
  </div>
</div>
`;
